******************************************************************************
                  TI ARM Linker PC v16.9.0                     
******************************************************************************
>> Linked Wed Dec 06 09:23:49 2017

OUTPUT FILE NAME:   <embeddedsteps.out>
ENTRY POINT SYMBOL: "_c_int00"  address: 000040f9


MEMORY CONFIGURATION

         name            origin    length      used     unused   attr    fill
----------------------  --------  ---------  --------  --------  ----  --------
  FLASH                 00000000   00040000  000045ba  0003ba46  R  X
  SRAM                  20000000   00008000  00002216  00005dea  RW X


SEGMENT ALLOCATION MAP

run origin  load origin   length   init length attrs members
----------  ----------- ---------- ----------- ----- -------
00000000    00000000    000045c0   000045c0    r-x
  00000000    00000000    0000026c   0000026c    r-- .intvecs
  0000026c    0000026c    000041ce   000041ce    r-x .text
  00004440    00004440    00000138   00000138    r-- .const
  00004578    00004578    00000048   00000048    r-- .cinit
20000000    20000000    00002218   00000000    rw-
  20000000    20000000    00001f40   00000000    rw- .stack
  20001f40    20001f40    0000029a   00000000    rw- .bss
  200021dc    200021dc    0000003c   00000000    rw- .data


SECTION ALLOCATION MAP

 output                                  attributes/
section   page    origin      length       input sections
--------  ----  ----------  ----------   ----------------
.intvecs   0    00000000    0000026c     
                  00000000    0000026c     tm4c123gh6pm_startup_ccs.obj (.intvecs)

.text      0    0000026c    000041ce     
                  0000026c    00001740     3_Atluri.obj (.text)
                  000019ac    0000113a     rtsv7M4_T_le_v4SPD16_eabi.lib : _printfi.obj (.text)
                  00002ae6    00000002                                   : mpu_init.obj (.text)
                  00002ae8    000009ac                                   : e_pow.obj (.text)
                  00003494    000001f4                                   : ull_div_t2.obj (.text)
                  00003688    000001b6                                   : fd_add_t2.obj (.text)
                  0000383e    00000002                                   : startup.obj (.text)
                  00003840    00000170                                   : e_sqrt.obj (.text)
                  000039b0    00000136                                   : fd_div_t2.obj (.text)
                  00003ae6    000000fc                                   : fd_mul_t2.obj (.text)
                  00003be2    00000002     --HOLE-- [fill = 0]
                  00003be4    000000fc                                   : s_scalbn.obj (.text)
                  00003ce0    0000009c                                   : memcpy_t2.obj (.text)
                  00003d7c    00000086                                   : fd_cmp_t2.obj (.text:__aeabi_cdcmple)
                  00003e02    00000086                                   : fd_cmp_t2.obj (.text:__aeabi_cdrcmple)
                  00003e88    0000007a                                   : memset_t2.obj (.text)
                  00003f02    00000002     --HOLE-- [fill = 0]
                  00003f04    00000070                                   : autoinit.obj (.text)
                  00003f74    00000068                                   : copy_decompress_lzss.obj (.text:decompress:lzss)
                  00003fdc    00000064                                   : s_frexp.obj (.text)
                  00004040    00000060                                   : sprintf.obj (.text)
                  000040a0    00000056                                   : ltoa.obj (.text)
                  000040f6    00000002     --HOLE-- [fill = 0]
                  000040f8    00000054                                   : boot.obj (.text)
                  0000414c    00000054                                   : exit.obj (.text)
                  000041a0    0000004c                                   : atoi.obj (.text)
                  000041ec    0000004c                                   : cpy_tbl.obj (.text)
                  00004238    0000004c                                   : rand.obj (.text)
                  00004284    00000048                                   : fd_toi_t2.obj (.text)
                  000042cc    00000044                                   : fd_tou_t2.obj (.text)
                  00004310    0000002e                                   : i_tofd_t2.obj (.text)
                  0000433e    00000020                                   : u_tofd_t2.obj (.text)
                  0000435e    0000001c                                   : memccpy.obj (.text)
                  0000437a    00000002     --HOLE-- [fill = 0]
                  0000437c    00000018                                   : args_main.obj (.text)
                  00004394    00000018                                   : strcmp.obj (.text)
                  000043ac    00000016                                   : strchr.obj (.text)
                  000043c2    00000002     --HOLE-- [fill = 0]
                  000043c4    00000014                                   : _lock.obj (.text)
                  000043d8    00000014                                   : s_copysign.obj (.text)
                  000043ec    00000014                                   : strlen.obj (.text)
                  00004400    00000010                                   : tolower.obj (.text)
                  00004410    0000000e                                   : copy_decompress_none.obj (.text:decompress:none)
                  0000441e    0000000c                                   : copy_zero_init.obj (.text:decompress:ZI)
                  0000442a    0000000c     tm4c123gh6pm_startup_ccs.obj (.text)
                  00004436    00000004     rtsv7M4_T_le_v4SPD16_eabi.lib : pre_init.obj (.text)

.const     0    00004440    00000138     
                  00004440    00000101     rtsv7M4_T_le_v4SPD16_eabi.lib : ctype.obj (.const:.string:_ctypes_)
                  00004541    00000007     --HOLE-- [fill = 0]
                  00004548    00000030                                   : e_pow.obj (.const:$O1$$)

.cinit     0    00004578    00000048     
                  00004578    00000020     (.cinit..data.load) [load image, compression = lzss]
                  00004598    0000000c     (__TI_handler_table)
                  000045a4    00000004     --HOLE-- [fill = 0]
                  000045a8    00000008     (.cinit..bss.load) [load image, compression = zero_init]
                  000045b0    00000010     (__TI_cinit_table)

.init_array 
*          0    00000000    00000000     UNINITIALIZED

.stack     0    20000000    00001f40     UNINITIALIZED
                  20000000    00001f40     --HOLE--

.bss       0    20001f40    0000029a     UNINITIALIZED
                  20001f40    00000054     (.common:str)
                  20001f94    00000054     (.common:str2)
                  20001fe8    00000054     (.common:str3)
                  2000203c    00000050     (.common:data)
                  2000208c    00000028     (.common:pos)
                  200020b4    0000001c     (.common:chan)
                  200020d0    0000001c     (.common:checksum)
                  200020ec    0000001c     (.common:command)
                  20002108    0000001c     (.common:dstaddress)
                  20002124    0000001c     (.common:retransCount)
                  20002140    0000001c     (.common:retransTimeout)
                  2000215c    0000001c     (.common:seq_id)
                  20002178    0000001c     (.common:size)
                  20002194    0000001c     (.common:valid)
                  200021b0    00000010     (.common:rxData)
                  200021c0    0000000c     (.common:Type)
                  200021cc    00000004     (.common:data1)
                  200021d0    00000001     (.common:ack)
                  200021d1    00000001     (.common:address)
                  200021d2    00000001     (.common:channel)
                  200021d3    00000001     (.common:counter)
                  200021d4    00000001     (.common:field)
                  200021d5    00000001     (.common:i)
                  200021d6    00000001     (.common:j)
                  200021d7    00000001     (.common:k)
                  200021d8    00000001     (.common:temp)
                  200021d9    00000001     (.common:value)

.data      0    200021dc    0000003c     UNINITIALIZED
                  200021dc    00000019     3_Atluri.obj (.data)
                  200021f5    00000003     --HOLE--
                  200021f8    0000000c     rtsv7M4_T_le_v4SPD16_eabi.lib : exit.obj (.data:$O1$$)
                  20002204    00000008                                   : _lock.obj (.data:$O1$$)
                  2000220c    00000004                                   : errno.obj (.data)
                  20002210    00000004                                   : rand.obj (.data)
                  20002214    00000004                                   : stkdepth_vars.obj (.data)

MODULE SUMMARY

       Module                         code    ro data   rw data
       ------                         ----    -------   -------
    .\
       3_Atluri.obj                   5952    0         691    
       tm4c123gh6pm_startup_ccs.obj   12      620       0      
    +--+------------------------------+-------+---------+---------+
       Total:                         5964    620       691    
                                                               
    C:\ti\ccsv7\tools\compiler\ti-cgt-arm_16.9.0.LTS\lib\rtsv7M4_T_le_v4SPD16_eabi.lib
       _printfi.obj                   4410    0         0      
       e_pow.obj                      2476    48        0      
       ull_div_t2.obj                 500     0         0      
       fd_add_t2.obj                  438     0         0      
       e_sqrt.obj                     368     0         0      
       fd_div_t2.obj                  310     0         0      
       fd_cmp_t2.obj                  268     0         0      
       ctype.obj                      0       257       0      
       fd_mul_t2.obj                  252     0         0      
       s_scalbn.obj                   252     0         0      
       memcpy_t2.obj                  156     0         0      
       memset_t2.obj                  122     0         0      
       autoinit.obj                   112     0         0      
       copy_decompress_lzss.obj       104     0         0      
       s_frexp.obj                    100     0         0      
       exit.obj                       84      0         12     
       sprintf.obj                    96      0         0      
       ltoa.obj                       86      0         0      
       boot.obj                       84      0         0      
       rand.obj                       76      0         4      
       atoi.obj                       76      0         0      
       cpy_tbl.obj                    76      0         0      
       fd_toi_t2.obj                  72      0         0      
       fd_tou_t2.obj                  68      0         0      
       i_tofd_t2.obj                  46      0         0      
       u_tofd_t2.obj                  32      0         0      
       _lock.obj                      20      0         8      
       memccpy.obj                    28      0         0      
       args_main.obj                  24      0         0      
       strcmp.obj                     24      0         0      
       strchr.obj                     22      0         0      
       s_copysign.obj                 20      0         0      
       strlen.obj                     20      0         0      
       tolower.obj                    16      0         0      
       copy_decompress_none.obj       14      0         0      
       copy_zero_init.obj             12      0         0      
       errno.obj                      0       0         4      
       pre_init.obj                   4       0         0      
       stkdepth_vars.obj              0       0         4      
       mpu_init.obj                   2       0         0      
       startup.obj                    2       0         0      
    +--+------------------------------+-------+---------+---------+
       Total:                         10872   305       32     
                                                               
       Stack:                         0       0         8000   
       Linker Generated:              0       68        0      
    +--+------------------------------+-------+---------+---------+
       Grand Total:                   16836   993       8723   


LINKER GENERATED COPY TABLES

__TI_cinit_table @ 000045b0 records: 2, size/record: 8, table size: 16
	.data: load addr=00004578, load size=00000020 bytes, run addr=200021dc, run size=0000003c bytes, compression=lzss
	.bss: load addr=000045a8, load size=00000008 bytes, run addr=20001f40, run size=0000029a bytes, compression=zero_init


LINKER GENERATED HANDLER TABLE

__TI_handler_table @ 00004598 records: 3, size/record: 4, table size: 12
	index: 0, handler: __TI_decompress_lzss
	index: 1, handler: __TI_decompress_none
	index: 2, handler: __TI_zero_init


GLOBAL SYMBOLS: SORTED ALPHABETICALLY BY Name 

address   name                           
-------   ----                           
0000414d  C$$EXIT                        
200021f1  CSEnable                       
200021ef  OldrxPhase                     
0000442b  ResetISR                       
UNDEFED   SHT$$INIT_ARRAY$$Base          
UNDEFED   SHT$$INIT_ARRAY$$Limit         
00000421  Timeout                        
00000af5  Timer1Isr                      
200021c0  Type                           
20001f40  __STACK_END                    
00001f40  __STACK_SIZE                   
20000200  __STACK_TOP                    
000045b0  __TI_CINIT_Base                
000045c0  __TI_CINIT_Limit               
00004598  __TI_Handler_Table_Base        
000045a4  __TI_Handler_Table_Limit       
00003f05  __TI_auto_init                 
200021f8  __TI_cleanup_ptr               
00003f75  __TI_decompress_lzss           
00004411  __TI_decompress_none           
200021fc  __TI_dtors_ptr                 
20002200  __TI_enable_exit_profile_output
ffffffff  __TI_pprof_out_hndl            
000021ed  __TI_printfi                   
ffffffff  __TI_prof_data_size            
ffffffff  __TI_prof_data_start           
00000000  __TI_static_base__             
0000441f  __TI_zero_init                 
00003d7d  __aeabi_cdcmpeq                
00003d7d  __aeabi_cdcmple                
00003e03  __aeabi_cdrcmple               
00004285  __aeabi_d2iz                   
000042cd  __aeabi_d2uiz                  
00003693  __aeabi_dadd                   
000039b1  __aeabi_ddiv                   
00003ae7  __aeabi_dmul                   
00003689  __aeabi_dsub                   
00004311  __aeabi_i2d                    
00003e89  __aeabi_memclr                 
00003e89  __aeabi_memclr4                
00003e89  __aeabi_memclr8                
00003ce1  __aeabi_memcpy                 
00003ce1  __aeabi_memcpy4                
00003ce1  __aeabi_memcpy8                
00003e8b  __aeabi_memset                 
00003e8b  __aeabi_memset4                
00003e8b  __aeabi_memset8                
0000433f  __aeabi_ui2d                   
00003495  __aeabi_uldivmod               
ffffffff  __binit__                      
ffffffff  __c_args__                     
00002ae7  __mpu_init                     
20000000  __stack                        
0000437d  _args_main                     
000040f9  _c_int00                       
00004440  _ctypes_                       
20002204  _lock                          
000043d3  _nop                           
000043cb  _register_lock                 
000043c5  _register_unlock               
0000383f  _system_post_cinit             
00004437  _system_pre_init               
20002208  _unlock                        
00004151  abort                          
200021d0  ack                            
200021d1  address                        
000041a1  atoi                           
ffffffff  binit                          
200020b4  chan                           
200021d2  channel                        
200020d0  checksum                       
200020ec  command                        
000041ed  copy_in                        
000043d9  copysign                       
000043d9  copysignl                      
200021d3  counter                        
200021e2  currentPhase                   
200021e1  currentindex                   
2000203c  data                           
200021cc  data1                          
20002108  dstaddress                     
2000220c  errno                          
00004159  exit                           
200021d4  field                          
200021f4  flag                           
200021e8  frequency                      
00003fdd  frexp                          
00003fdd  frexpl                         
00000000  g_pfnVectors                   
00001107  getNumber                      
000010ed  getString                      
0000040d  getcUart0                      
000003ad  getcUart1                      
200021d5  i                              
200021f3  inProgress                     
0000026d  initHw                         
000010c1  isCommand                      
200021d6  j                              
200021d7  k                              
00003be5  ldexp                          
00003be5  ldexpl                         
000040a1  ltoa                           
00001295  main                           
20002214  main_func_sp                   
0000435f  memccpy                        
00003ce1  memcpy                         
00003e91  memset                         
200021e3  n                              
2000208c  pos                            
00002ae9  pow                            
00002ae9  powl                           
000005a1  processMessage                 
000003c1  putcUart0                      
00001095  putcUart1                      
000003dd  putsUart0                      
0000424f  rand                           
200021f2  randomRetransEnable            
20002124  retransCount                   
20002140  retransTimeout                 
200021b0  rxData                         
200021ee  rxPhase                        
00003be5  scalbn                         
00003be5  scalbnl                        
00001141  sendPacket                     
2000215c  seq_id                         
200021e5  seqid                          
200021f0  setAddress                     
20002178  size                           
200021e0  sourceaddress                  
00004041  sprintf                        
00003841  sqrt                           
00003841  sqrtl                          
00004239  srand                          
20001f40  str                            
20001f94  str2                           
20001fe8  str3                           
000043ad  strchr                         
00004395  strcmp                         
000043ed  strlen                         
200021e4  t                              
200021d8  temp                           
200021de  time                           
200021ec  timeout                        
00004401  tolower                        
20002194  valid                          
200021d9  value                          
00001071  waitMicrosecond                
200021dc  z                              


GLOBAL SYMBOLS: SORTED BY Symbol Address 

address   name                           
-------   ----                           
00000000  __TI_static_base__             
00000000  g_pfnVectors                   
0000026d  initHw                         
000003ad  getcUart1                      
000003c1  putcUart0                      
000003dd  putsUart0                      
0000040d  getcUart0                      
00000421  Timeout                        
000005a1  processMessage                 
00000af5  Timer1Isr                      
00001071  waitMicrosecond                
00001095  putcUart1                      
000010c1  isCommand                      
000010ed  getString                      
00001107  getNumber                      
00001141  sendPacket                     
00001295  main                           
00001f40  __STACK_SIZE                   
000021ed  __TI_printfi                   
00002ae7  __mpu_init                     
00002ae9  pow                            
00002ae9  powl                           
00003495  __aeabi_uldivmod               
00003689  __aeabi_dsub                   
00003693  __aeabi_dadd                   
0000383f  _system_post_cinit             
00003841  sqrt                           
00003841  sqrtl                          
000039b1  __aeabi_ddiv                   
00003ae7  __aeabi_dmul                   
00003be5  ldexp                          
00003be5  ldexpl                         
00003be5  scalbn                         
00003be5  scalbnl                        
00003ce1  __aeabi_memcpy                 
00003ce1  __aeabi_memcpy4                
00003ce1  __aeabi_memcpy8                
00003ce1  memcpy                         
00003d7d  __aeabi_cdcmpeq                
00003d7d  __aeabi_cdcmple                
00003e03  __aeabi_cdrcmple               
00003e89  __aeabi_memclr                 
00003e89  __aeabi_memclr4                
00003e89  __aeabi_memclr8                
00003e8b  __aeabi_memset                 
00003e8b  __aeabi_memset4                
00003e8b  __aeabi_memset8                
00003e91  memset                         
00003f05  __TI_auto_init                 
00003f75  __TI_decompress_lzss           
00003fdd  frexp                          
00003fdd  frexpl                         
00004041  sprintf                        
000040a1  ltoa                           
000040f9  _c_int00                       
0000414d  C$$EXIT                        
00004151  abort                          
00004159  exit                           
000041a1  atoi                           
000041ed  copy_in                        
00004239  srand                          
0000424f  rand                           
00004285  __aeabi_d2iz                   
000042cd  __aeabi_d2uiz                  
00004311  __aeabi_i2d                    
0000433f  __aeabi_ui2d                   
0000435f  memccpy                        
0000437d  _args_main                     
00004395  strcmp                         
000043ad  strchr                         
000043c5  _register_unlock               
000043cb  _register_lock                 
000043d3  _nop                           
000043d9  copysign                       
000043d9  copysignl                      
000043ed  strlen                         
00004401  tolower                        
00004411  __TI_decompress_none           
0000441f  __TI_zero_init                 
0000442b  ResetISR                       
00004437  _system_pre_init               
00004440  _ctypes_                       
00004598  __TI_Handler_Table_Base        
000045a4  __TI_Handler_Table_Limit       
000045b0  __TI_CINIT_Base                
000045c0  __TI_CINIT_Limit               
20000000  __stack                        
20000200  __STACK_TOP                    
20001f40  __STACK_END                    
20001f40  str                            
20001f94  str2                           
20001fe8  str3                           
2000203c  data                           
2000208c  pos                            
200020b4  chan                           
200020d0  checksum                       
200020ec  command                        
20002108  dstaddress                     
20002124  retransCount                   
20002140  retransTimeout                 
2000215c  seq_id                         
20002178  size                           
20002194  valid                          
200021b0  rxData                         
200021c0  Type                           
200021cc  data1                          
200021d0  ack                            
200021d1  address                        
200021d2  channel                        
200021d3  counter                        
200021d4  field                          
200021d5  i                              
200021d6  j                              
200021d7  k                              
200021d8  temp                           
200021d9  value                          
200021dc  z                              
200021de  time                           
200021e0  sourceaddress                  
200021e1  currentindex                   
200021e2  currentPhase                   
200021e3  n                              
200021e4  t                              
200021e5  seqid                          
200021e8  frequency                      
200021ec  timeout                        
200021ee  rxPhase                        
200021ef  OldrxPhase                     
200021f0  setAddress                     
200021f1  CSEnable                       
200021f2  randomRetransEnable            
200021f3  inProgress                     
200021f4  flag                           
200021f8  __TI_cleanup_ptr               
200021fc  __TI_dtors_ptr                 
20002200  __TI_enable_exit_profile_output
20002204  _lock                          
20002208  _unlock                        
2000220c  errno                          
20002214  main_func_sp                   
ffffffff  __TI_pprof_out_hndl            
ffffffff  __TI_prof_data_size            
ffffffff  __TI_prof_data_start           
ffffffff  __binit__                      
ffffffff  __c_args__                     
ffffffff  binit                          
UNDEFED   SHT$$INIT_ARRAY$$Base          
UNDEFED   SHT$$INIT_ARRAY$$Limit         

[148 symbols]
